Archive member included to satisfy reference by file (symbol)

C:/msys64/mingw64/bin/../lib/gcc/x86_64-w64-mingw32/13.1.0/../../../../lib/libmingw32.a(lib64_libmingw32_a-gccmain.o)
                              C:/msys64/mingw64/bin/../lib/gcc/x86_64-w64-mingw32/13.1.0/../../../../lib/crt2.o (__main)
C:/msys64/mingw64/bin/../lib/gcc/x86_64-w64-mingw32/13.1.0/../../../../lib/libmingw32.a(lib64_libmingw32_a-natstart.o)
                              C:/msys64/mingw64/bin/../lib/gcc/x86_64-w64-mingw32/13.1.0/../../../../lib/crt2.o (__native_startup_lock)
C:/msys64/mingw64/bin/../lib/gcc/x86_64-w64-mingw32/13.1.0/../../../../lib/libmingw32.a(lib64_libmingw32_a-wildcard.o)
                              C:/msys64/mingw64/bin/../lib/gcc/x86_64-w64-mingw32/13.1.0/../../../../lib/crt2.o (_dowildcard)
C:/msys64/mingw64/bin/../lib/gcc/x86_64-w64-mingw32/13.1.0/../../../../lib/libmingw32.a(lib64_libmingw32_a-dllargv.o)
                              C:/msys64/mingw64/bin/../lib/gcc/x86_64-w64-mingw32/13.1.0/../../../../lib/crt2.o (_setargv)
C:/msys64/mingw64/bin/../lib/gcc/x86_64-w64-mingw32/13.1.0/../../../../lib/libmingw32.a(lib64_libmingw32_a-_newmode.o)
                              C:/msys64/mingw64/bin/../lib/gcc/x86_64-w64-mingw32/13.1.0/../../../../lib/crt2.o (_newmode)
C:/msys64/mingw64/bin/../lib/gcc/x86_64-w64-mingw32/13.1.0/../../../../lib/libmingw32.a(lib64_libmingw32_a-tlssup.o)
                              C:/msys64/mingw64/bin/../lib/gcc/x86_64-w64-mingw32/13.1.0/../../../../lib/crt2.o (__mingw_initltssuo_force)
C:/msys64/mingw64/bin/../lib/gcc/x86_64-w64-mingw32/13.1.0/../../../../lib/libmingw32.a(lib64_libmingw32_a-xncommod.o)
                              C:/msys64/mingw64/bin/../lib/gcc/x86_64-w64-mingw32/13.1.0/../../../../lib/crt2.o (_commode)
C:/msys64/mingw64/bin/../lib/gcc/x86_64-w64-mingw32/13.1.0/../../../../lib/libmingw32.a(lib64_libmingw32_a-cinitexe.o)
                              C:/msys64/mingw64/bin/../lib/gcc/x86_64-w64-mingw32/13.1.0/../../../../lib/crt2.o (__xc_z)
C:/msys64/mingw64/bin/../lib/gcc/x86_64-w64-mingw32/13.1.0/../../../../lib/libmingw32.a(lib64_libmingw32_a-merr.o)
                              C:/msys64/mingw64/bin/../lib/gcc/x86_64-w64-mingw32/13.1.0/../../../../lib/crt2.o (_matherr)
C:/msys64/mingw64/bin/../lib/gcc/x86_64-w64-mingw32/13.1.0/../../../../lib/libmingw32.a(lib64_libmingw32_a-CRT_fp10.o)
                              C:/msys64/mingw64/bin/../lib/gcc/x86_64-w64-mingw32/13.1.0/../../../../lib/crt2.o (_fpreset)
C:/msys64/mingw64/bin/../lib/gcc/x86_64-w64-mingw32/13.1.0/../../../../lib/libmingw32.a(lib64_libmingw32_a-mingw_helpers.o)
                              C:/msys64/mingw64/bin/../lib/gcc/x86_64-w64-mingw32/13.1.0/../../../../lib/crt2.o (__mingw_app_type)
C:/msys64/mingw64/bin/../lib/gcc/x86_64-w64-mingw32/13.1.0/../../../../lib/libmingw32.a(lib64_libmingw32_a-pseudo-reloc.o)
                              C:/msys64/mingw64/bin/../lib/gcc/x86_64-w64-mingw32/13.1.0/../../../../lib/crt2.o (_pei386_runtime_relocator)
C:/msys64/mingw64/bin/../lib/gcc/x86_64-w64-mingw32/13.1.0/../../../../lib/libmingw32.a(lib64_libmingw32_a-usermatherr.o)
                              C:/msys64/mingw64/bin/../lib/gcc/x86_64-w64-mingw32/13.1.0/../../../../lib/crt2.o (__mingw_setusermatherr)
C:/msys64/mingw64/bin/../lib/gcc/x86_64-w64-mingw32/13.1.0/../../../../lib/libmingw32.a(lib64_libmingw32_a-xtxtmode.o)
                              C:/msys64/mingw64/bin/../lib/gcc/x86_64-w64-mingw32/13.1.0/../../../../lib/crt2.o (_fmode)
C:/msys64/mingw64/bin/../lib/gcc/x86_64-w64-mingw32/13.1.0/../../../../lib/libmingw32.a(lib64_libmingw32_a-crt_handler.o)
                              C:/msys64/mingw64/bin/../lib/gcc/x86_64-w64-mingw32/13.1.0/../../../../lib/crt2.o (_gnu_exception_handler)
C:/msys64/mingw64/bin/../lib/gcc/x86_64-w64-mingw32/13.1.0/../../../../lib/libmingw32.a(lib64_libmingw32_a-tlsthrd.o)
                              C:/msys64/mingw64/bin/../lib/gcc/x86_64-w64-mingw32/13.1.0/../../../../lib/libmingw32.a(lib64_libmingw32_a-tlssup.o) (__mingw_TLScallback)
C:/msys64/mingw64/bin/../lib/gcc/x86_64-w64-mingw32/13.1.0/../../../../lib/libmingw32.a(lib64_libmingw32_a-tlsmcrt.o)
                              C:/msys64/mingw64/bin/../lib/gcc/x86_64-w64-mingw32/13.1.0/../../../../lib/libmingw32.a(lib64_libmingw32_a-tlssup.o) (_CRT_MT)
C:/msys64/mingw64/bin/../lib/gcc/x86_64-w64-mingw32/13.1.0/../../../../lib/libmingw32.a(lib64_libmingw32_a-pseudo-reloc-list.o)
                              C:/msys64/mingw64/bin/../lib/gcc/x86_64-w64-mingw32/13.1.0/../../../../lib/libmingw32.a(lib64_libmingw32_a-pseudo-reloc.o) (__RUNTIME_PSEUDO_RELOC_LIST__)
C:/msys64/mingw64/bin/../lib/gcc/x86_64-w64-mingw32/13.1.0/../../../../lib/libmingw32.a(lib64_libmingw32_a-pesect.o)
                              C:/msys64/mingw64/bin/../lib/gcc/x86_64-w64-mingw32/13.1.0/../../../../lib/libmingw32.a(lib64_libmingw32_a-pseudo-reloc.o) (__mingw_GetSectionForAddress)
C:/msys64/mingw64/bin/../lib/gcc/x86_64-w64-mingw32/13.1.0/libgcc.a(_chkstk_ms.o)
                              C:/msys64/mingw64/bin/../lib/gcc/x86_64-w64-mingw32/13.1.0/../../../../lib/libmingw32.a(lib64_libmingw32_a-pseudo-reloc.o) (___chkstk_ms)
C:/msys64/mingw64/bin/../lib/gcc/x86_64-w64-mingw32/13.1.0/libgcc.a(_ctors.o)
                              C:/msys64/mingw64/bin/../lib/gcc/x86_64-w64-mingw32/13.1.0/../../../../lib/libmingw32.a(lib64_libmingw32_a-gccmain.o) (__DTOR_LIST__)
C:/msys64/mingw64/bin/../lib/gcc/x86_64-w64-mingw32/13.1.0/../../../../lib/libmingwex.a(lib64_libmingwex_a-mingw_matherr.o)
                              C:/msys64/mingw64/bin/../lib/gcc/x86_64-w64-mingw32/13.1.0/../../../../lib/crt2.o (_MINGW_INSTALL_DEBUG_MATHERR)
C:/msys64/mingw64/bin/../lib/gcc/x86_64-w64-mingw32/13.1.0/../../../../lib/libmingwex.a(lib64_libmingwex_a-mingw_vfprintf.o)
                              demo.o (__mingw_vfprintf)
C:/msys64/mingw64/bin/../lib/gcc/x86_64-w64-mingw32/13.1.0/../../../../lib/libmingwex.a(lib64_libmingwex_a-mingw_pformat.o)
                              C:/msys64/mingw64/bin/../lib/gcc/x86_64-w64-mingw32/13.1.0/../../../../lib/libmingwex.a(lib64_libmingwex_a-mingw_vfprintf.o) (__mingw_pformat)
C:/msys64/mingw64/bin/../lib/gcc/x86_64-w64-mingw32/13.1.0/../../../../lib/libmingwex.a(lib64_libmingwex_a-dmisc.o)
                              C:/msys64/mingw64/bin/../lib/gcc/x86_64-w64-mingw32/13.1.0/../../../../lib/libmingwex.a(lib64_libmingwex_a-mingw_pformat.o) (__freedtoa)
C:/msys64/mingw64/bin/../lib/gcc/x86_64-w64-mingw32/13.1.0/../../../../lib/libmingwex.a(lib64_libmingwex_a-gdtoa.o)
                              C:/msys64/mingw64/bin/../lib/gcc/x86_64-w64-mingw32/13.1.0/../../../../lib/libmingwex.a(lib64_libmingwex_a-mingw_pformat.o) (__gdtoa)
C:/msys64/mingw64/bin/../lib/gcc/x86_64-w64-mingw32/13.1.0/../../../../lib/libmingwex.a(lib64_libmingwex_a-gmisc.o)
                              C:/msys64/mingw64/bin/../lib/gcc/x86_64-w64-mingw32/13.1.0/../../../../lib/libmingwex.a(lib64_libmingwex_a-gdtoa.o) (__rshift_D2A)
C:/msys64/mingw64/bin/../lib/gcc/x86_64-w64-mingw32/13.1.0/../../../../lib/libmingwex.a(lib64_libmingwex_a-misc.o)
                              C:/msys64/mingw64/bin/../lib/gcc/x86_64-w64-mingw32/13.1.0/../../../../lib/libmingwex.a(lib64_libmingwex_a-dmisc.o) (__Balloc_D2A)
C:/msys64/mingw64/bin/../lib/gcc/x86_64-w64-mingw32/13.1.0/../../../../lib/libmingwex.a(lib64_libmingwex_a-strnlen.o)
                              C:/msys64/mingw64/bin/../lib/gcc/x86_64-w64-mingw32/13.1.0/../../../../lib/libmingwex.a(lib64_libmingwex_a-mingw_pformat.o) (strnlen)
C:/msys64/mingw64/bin/../lib/gcc/x86_64-w64-mingw32/13.1.0/../../../../lib/libmingwex.a(lib64_libmingwex_a-wcsnlen.o)
                              C:/msys64/mingw64/bin/../lib/gcc/x86_64-w64-mingw32/13.1.0/../../../../lib/libmingwex.a(lib64_libmingwex_a-mingw_pformat.o) (wcsnlen)
C:/msys64/mingw64/bin/../lib/gcc/x86_64-w64-mingw32/13.1.0/../../../../lib/libmsvcrt.a(lib64_libmsvcrt_extra_a-__p__fmode.o)
                              C:/msys64/mingw64/bin/../lib/gcc/x86_64-w64-mingw32/13.1.0/../../../../lib/crt2.o (__p__fmode)
C:/msys64/mingw64/bin/../lib/gcc/x86_64-w64-mingw32/13.1.0/../../../../lib/libmsvcrt.a(lib64_libmsvcrt_extra_a-__p__commode.o)
                              C:/msys64/mingw64/bin/../lib/gcc/x86_64-w64-mingw32/13.1.0/../../../../lib/crt2.o (__p__commode)
C:/msys64/mingw64/bin/../lib/gcc/x86_64-w64-mingw32/13.1.0/../../../../lib/libmsvcrt.a(lib64_libmsvcrt_extra_a-mingw_lock.o)
                              C:/msys64/mingw64/bin/../lib/gcc/x86_64-w64-mingw32/13.1.0/../../../../lib/libmingwex.a(lib64_libmingwex_a-mingw_vfprintf.o) (_lock_file)
C:/msys64/mingw64/bin/../lib/gcc/x86_64-w64-mingw32/13.1.0/../../../../lib/libmsvcrt.a(lib64_libmsvcrt_extra_a-invalid_parameter_handler.o)
                              C:/msys64/mingw64/bin/../lib/gcc/x86_64-w64-mingw32/13.1.0/../../../../lib/crt2.o (_set_invalid_parameter_handler)
C:/msys64/mingw64/bin/../lib/gcc/x86_64-w64-mingw32/13.1.0/../../../../lib/libmsvcrt.a(lib64_libmsvcrt_common_a-acrt_iob_func.o)
                              C:/msys64/mingw64/bin/../lib/gcc/x86_64-w64-mingw32/13.1.0/../../../../lib/libmingw32.a(lib64_libmingw32_a-merr.o) (__acrt_iob_func)
C:/msys64/mingw64/bin/../lib/gcc/x86_64-w64-mingw32/13.1.0/../../../../lib/libmsvcrt.a(lib64_libmsvcrt_common_a-wcrtomb.o)
                              C:/msys64/mingw64/bin/../lib/gcc/x86_64-w64-mingw32/13.1.0/../../../../lib/libmingwex.a(lib64_libmingwex_a-mingw_pformat.o) (wcrtomb)
C:/msys64/mingw64/bin/../lib/gcc/x86_64-w64-mingw32/13.1.0/../../../../lib/libmsvcrt.a(lib64_libmsvcrt_common_a-mbrtowc.o)
                              C:/msys64/mingw64/bin/../lib/gcc/x86_64-w64-mingw32/13.1.0/../../../../lib/libmingwex.a(lib64_libmingwex_a-mingw_pformat.o) (mbrtowc)
C:/msys64/mingw64/bin/../lib/gcc/x86_64-w64-mingw32/13.1.0/../../../../lib/libmsvcrt.a(libmsvcrt_defs00055.o)
                              C:/msys64/mingw64/bin/../lib/gcc/x86_64-w64-mingw32/13.1.0/../../../../lib/crt2.o (__C_specific_handler)
C:/msys64/mingw64/bin/../lib/gcc/x86_64-w64-mingw32/13.1.0/../../../../lib/libmsvcrt.a(libmsvcrt_defs00063.o)
                              C:/msys64/mingw64/bin/../lib/gcc/x86_64-w64-mingw32/13.1.0/../../../../lib/libmsvcrt.a(lib64_libmsvcrt_common_a-wcrtomb.o) (___lc_codepage_func)
C:/msys64/mingw64/bin/../lib/gcc/x86_64-w64-mingw32/13.1.0/../../../../lib/libmsvcrt.a(libmsvcrt_defs00066.o)
                              C:/msys64/mingw64/bin/../lib/gcc/x86_64-w64-mingw32/13.1.0/../../../../lib/libmsvcrt.a(lib64_libmsvcrt_common_a-wcrtomb.o) (___mb_cur_max_func)
C:/msys64/mingw64/bin/../lib/gcc/x86_64-w64-mingw32/13.1.0/../../../../lib/libmsvcrt.a(libmsvcrt_defs00081.o)
                              C:/msys64/mingw64/bin/../lib/gcc/x86_64-w64-mingw32/13.1.0/../../../../lib/crt2.o (__getmainargs)
C:/msys64/mingw64/bin/../lib/gcc/x86_64-w64-mingw32/13.1.0/../../../../lib/libmsvcrt.a(libmsvcrt_defs00082.o)
                              C:/msys64/mingw64/bin/../lib/gcc/x86_64-w64-mingw32/13.1.0/../../../../lib/crt2.o (__imp___initenv)
C:/msys64/mingw64/bin/../lib/gcc/x86_64-w64-mingw32/13.1.0/../../../../lib/libmsvcrt.a(libmsvcrt_defs00083.o)
                              C:/msys64/mingw64/bin/../lib/gcc/x86_64-w64-mingw32/13.1.0/../../../../lib/libmsvcrt.a(lib64_libmsvcrt_common_a-acrt_iob_func.o) (__iob_func)
C:/msys64/mingw64/bin/../lib/gcc/x86_64-w64-mingw32/13.1.0/../../../../lib/libmsvcrt.a(libmsvcrt_defs00096.o)
                              C:/msys64/mingw64/bin/../lib/gcc/x86_64-w64-mingw32/13.1.0/../../../../lib/crt2.o (__set_app_type)
C:/msys64/mingw64/bin/../lib/gcc/x86_64-w64-mingw32/13.1.0/../../../../lib/libmsvcrt.a(libmsvcrt_defs00098.o)
                              C:/msys64/mingw64/bin/../lib/gcc/x86_64-w64-mingw32/13.1.0/../../../../lib/libmingw32.a(lib64_libmingw32_a-usermatherr.o) (__setusermatherr)
C:/msys64/mingw64/bin/../lib/gcc/x86_64-w64-mingw32/13.1.0/../../../../lib/libmsvcrt.a(libmsvcrt_defs00124.o)
                              C:/msys64/mingw64/bin/../lib/gcc/x86_64-w64-mingw32/13.1.0/../../../../lib/crt2.o (_amsg_exit)
C:/msys64/mingw64/bin/../lib/gcc/x86_64-w64-mingw32/13.1.0/../../../../lib/libmsvcrt.a(libmsvcrt_defs00144.o)
                              C:/msys64/mingw64/bin/../lib/gcc/x86_64-w64-mingw32/13.1.0/../../../../lib/crt2.o (_cexit)
C:/msys64/mingw64/bin/../lib/gcc/x86_64-w64-mingw32/13.1.0/../../../../lib/libmsvcrt.a(libmsvcrt_defs00160.o)
                              C:/msys64/mingw64/bin/../lib/gcc/x86_64-w64-mingw32/13.1.0/../../../../lib/libmsvcrt.a(lib64_libmsvcrt_extra_a-__p__commode.o) (__imp__commode)
C:/msys64/mingw64/bin/../lib/gcc/x86_64-w64-mingw32/13.1.0/../../../../lib/libmsvcrt.a(libmsvcrt_defs00205.o)
                              C:/msys64/mingw64/bin/../lib/gcc/x86_64-w64-mingw32/13.1.0/../../../../lib/libmingwex.a(lib64_libmingwex_a-mingw_pformat.o) (_errno)
C:/msys64/mingw64/bin/../lib/gcc/x86_64-w64-mingw32/13.1.0/../../../../lib/libmsvcrt.a(libmsvcrt_defs00252.o)
                              C:/msys64/mingw64/bin/../lib/gcc/x86_64-w64-mingw32/13.1.0/../../../../lib/libmsvcrt.a(lib64_libmsvcrt_extra_a-__p__fmode.o) (__imp__fmode)
C:/msys64/mingw64/bin/../lib/gcc/x86_64-w64-mingw32/13.1.0/../../../../lib/libmsvcrt.a(libmsvcrt_defs00337.o)
                              C:/msys64/mingw64/bin/../lib/gcc/x86_64-w64-mingw32/13.1.0/../../../../lib/crt2.o (_initterm)
C:/msys64/mingw64/bin/../lib/gcc/x86_64-w64-mingw32/13.1.0/../../../../lib/libmsvcrt.a(libmsvcrt_defs00446.o)
                              C:/msys64/mingw64/bin/../lib/gcc/x86_64-w64-mingw32/13.1.0/../../../../lib/libmsvcrt.a(lib64_libmsvcrt_extra_a-mingw_lock.o) (_lock)
C:/msys64/mingw64/bin/../lib/gcc/x86_64-w64-mingw32/13.1.0/../../../../lib/libmsvcrt.a(libmsvcrt_defs00618.o)
                              C:/msys64/mingw64/bin/../lib/gcc/x86_64-w64-mingw32/13.1.0/../../../../lib/crt2.o (_onexit)
C:/msys64/mingw64/bin/../lib/gcc/x86_64-w64-mingw32/13.1.0/../../../../lib/libmsvcrt.a(libmsvcrt_defs00837.o)
                              C:/msys64/mingw64/bin/../lib/gcc/x86_64-w64-mingw32/13.1.0/../../../../lib/libmsvcrt.a(lib64_libmsvcrt_extra_a-mingw_lock.o) (_unlock)
C:/msys64/mingw64/bin/../lib/gcc/x86_64-w64-mingw32/13.1.0/../../../../lib/libmsvcrt.a(libmsvcrt_defs01054.o)
                              C:/msys64/mingw64/bin/../lib/gcc/x86_64-w64-mingw32/13.1.0/../../../../lib/libmingw32.a(lib64_libmingw32_a-pseudo-reloc.o) (abort)
C:/msys64/mingw64/bin/../lib/gcc/x86_64-w64-mingw32/13.1.0/../../../../lib/libmsvcrt.a(libmsvcrt_defs01071.o)
                              C:/msys64/mingw64/bin/../lib/gcc/x86_64-w64-mingw32/13.1.0/../../../../lib/libmingw32.a(lib64_libmingw32_a-tlsthrd.o) (calloc)
C:/msys64/mingw64/bin/../lib/gcc/x86_64-w64-mingw32/13.1.0/../../../../lib/libmsvcrt.a(libmsvcrt_defs01085.o)
                              C:/msys64/mingw64/bin/../lib/gcc/x86_64-w64-mingw32/13.1.0/../../../../lib/crt2.o (exit)
C:/msys64/mingw64/bin/../lib/gcc/x86_64-w64-mingw32/13.1.0/../../../../lib/libmsvcrt.a(libmsvcrt_defs01105.o)
                              C:/msys64/mingw64/bin/../lib/gcc/x86_64-w64-mingw32/13.1.0/../../../../lib/libmingw32.a(lib64_libmingw32_a-merr.o) (fprintf)
C:/msys64/mingw64/bin/../lib/gcc/x86_64-w64-mingw32/13.1.0/../../../../lib/libmsvcrt.a(libmsvcrt_defs01107.o)
                              C:/msys64/mingw64/bin/../lib/gcc/x86_64-w64-mingw32/13.1.0/../../../../lib/libmingwex.a(lib64_libmingwex_a-mingw_pformat.o) (fputc)
C:/msys64/mingw64/bin/../lib/gcc/x86_64-w64-mingw32/13.1.0/../../../../lib/libmsvcrt.a(libmsvcrt_defs01112.o)
                              C:/msys64/mingw64/bin/../lib/gcc/x86_64-w64-mingw32/13.1.0/../../../../lib/libmingw32.a(lib64_libmingw32_a-tlsthrd.o) (free)
C:/msys64/mingw64/bin/../lib/gcc/x86_64-w64-mingw32/13.1.0/../../../../lib/libmsvcrt.a(libmsvcrt_defs01125.o)
                              C:/msys64/mingw64/bin/../lib/gcc/x86_64-w64-mingw32/13.1.0/../../../../lib/libmingw32.a(lib64_libmingw32_a-pseudo-reloc.o) (fwrite)
C:/msys64/mingw64/bin/../lib/gcc/x86_64-w64-mingw32/13.1.0/../../../../lib/libmsvcrt.a(libmsvcrt_defs01166.o)
                              C:/msys64/mingw64/bin/../lib/gcc/x86_64-w64-mingw32/13.1.0/../../../../lib/libmingwex.a(lib64_libmingwex_a-mingw_pformat.o) (localeconv)
C:/msys64/mingw64/bin/../lib/gcc/x86_64-w64-mingw32/13.1.0/../../../../lib/libmsvcrt.a(libmsvcrt_defs01173.o)
                              C:/msys64/mingw64/bin/../lib/gcc/x86_64-w64-mingw32/13.1.0/../../../../lib/crt2.o (malloc)
C:/msys64/mingw64/bin/../lib/gcc/x86_64-w64-mingw32/13.1.0/../../../../lib/libmsvcrt.a(libmsvcrt_defs01183.o)
                              C:/msys64/mingw64/bin/../lib/gcc/x86_64-w64-mingw32/13.1.0/../../../../lib/crt2.o (memcpy)
C:/msys64/mingw64/bin/../lib/gcc/x86_64-w64-mingw32/13.1.0/../../../../lib/libmsvcrt.a(libmsvcrt_defs01185.o)
                              C:/msys64/mingw64/bin/../lib/gcc/x86_64-w64-mingw32/13.1.0/../../../../lib/libmingwex.a(lib64_libmingwex_a-mingw_pformat.o) (memset)
C:/msys64/mingw64/bin/../lib/gcc/x86_64-w64-mingw32/13.1.0/../../../../lib/libmsvcrt.a(libmsvcrt_defs01213.o)
                              C:/msys64/mingw64/bin/../lib/gcc/x86_64-w64-mingw32/13.1.0/../../../../lib/libmingw32.a(lib64_libmingw32_a-crt_handler.o) (signal)
C:/msys64/mingw64/bin/../lib/gcc/x86_64-w64-mingw32/13.1.0/../../../../lib/libmsvcrt.a(libmsvcrt_defs01234.o)
                              C:/msys64/mingw64/bin/../lib/gcc/x86_64-w64-mingw32/13.1.0/../../../../lib/libmingwex.a(lib64_libmingwex_a-mingw_pformat.o) (strerror)
C:/msys64/mingw64/bin/../lib/gcc/x86_64-w64-mingw32/13.1.0/../../../../lib/libmsvcrt.a(libmsvcrt_defs01236.o)
                              C:/msys64/mingw64/bin/../lib/gcc/x86_64-w64-mingw32/13.1.0/../../../../lib/crt2.o (strlen)
C:/msys64/mingw64/bin/../lib/gcc/x86_64-w64-mingw32/13.1.0/../../../../lib/libmsvcrt.a(libmsvcrt_defs01239.o)
                              C:/msys64/mingw64/bin/../lib/gcc/x86_64-w64-mingw32/13.1.0/../../../../lib/libmingw32.a(lib64_libmingw32_a-pesect.o) (strncmp)
C:/msys64/mingw64/bin/../lib/gcc/x86_64-w64-mingw32/13.1.0/../../../../lib/libmsvcrt.a(libmsvcrt_defs01274.o)
                              C:/msys64/mingw64/bin/../lib/gcc/x86_64-w64-mingw32/13.1.0/../../../../lib/libmingw32.a(lib64_libmingw32_a-pseudo-reloc.o) (vfprintf)
C:/msys64/mingw64/bin/../lib/gcc/x86_64-w64-mingw32/13.1.0/../../../../lib/libmsvcrt.a(libmsvcrt_defs01300.o)
                              C:/msys64/mingw64/bin/../lib/gcc/x86_64-w64-mingw32/13.1.0/../../../../lib/libmingwex.a(lib64_libmingwex_a-mingw_pformat.o) (wcslen)
C:/msys64/mingw64/bin/../lib/gcc/x86_64-w64-mingw32/13.1.0/../../../../lib/libmsvcrt.a(libmsvcrt_defh.o)
                              C:/msys64/mingw64/bin/../lib/gcc/x86_64-w64-mingw32/13.1.0/../../../../lib/libmsvcrt.a(libmsvcrt_defs00055.o) (_head_lib64_libmsvcrt_def_a)
C:/msys64/mingw64/bin/../lib/gcc/x86_64-w64-mingw32/13.1.0/../../../../lib/libmsvcrt.a(libmsvcrt_deft.o)
                              C:/msys64/mingw64/bin/../lib/gcc/x86_64-w64-mingw32/13.1.0/../../../../lib/libmsvcrt.a(libmsvcrt_defh.o) (__lib64_libmsvcrt_def_a_iname)
C:/msys64/mingw64/bin/../lib/gcc/x86_64-w64-mingw32/13.1.0/../../../../lib/libkernel32.a(libkernel32s01543.o)
                              C:/msys64/mingw64/bin/../lib/gcc/x86_64-w64-mingw32/13.1.0/../../../../lib/libmsvcrt.a(lib64_libmsvcrt_common_a-wcrtomb.o) (__imp_WideCharToMultiByte)
C:/msys64/mingw64/bin/../lib/gcc/x86_64-w64-mingw32/13.1.0/../../../../lib/libkernel32.a(libkernel32s01490.o)
                              C:/msys64/mingw64/bin/../lib/gcc/x86_64-w64-mingw32/13.1.0/../../../../lib/libmingw32.a(lib64_libmingw32_a-pseudo-reloc.o) (__imp_VirtualQuery)
C:/msys64/mingw64/bin/../lib/gcc/x86_64-w64-mingw32/13.1.0/../../../../lib/libkernel32.a(libkernel32s01488.o)
                              C:/msys64/mingw64/bin/../lib/gcc/x86_64-w64-mingw32/13.1.0/../../../../lib/libmingw32.a(lib64_libmingw32_a-pseudo-reloc.o) (__imp_VirtualProtect)
C:/msys64/mingw64/bin/../lib/gcc/x86_64-w64-mingw32/13.1.0/../../../../lib/libkernel32.a(libkernel32s01441.o)
                              C:/msys64/mingw64/bin/../lib/gcc/x86_64-w64-mingw32/13.1.0/../../../../lib/libmingw32.a(lib64_libmingw32_a-tlsthrd.o) (__imp_TlsGetValue)
C:/msys64/mingw64/bin/../lib/gcc/x86_64-w64-mingw32/13.1.0/../../../../lib/libkernel32.a(libkernel32s01406.o)
                              C:/msys64/mingw64/bin/../lib/gcc/x86_64-w64-mingw32/13.1.0/../../../../lib/crt2.o (__imp_Sleep)
C:/msys64/mingw64/bin/../lib/gcc/x86_64-w64-mingw32/13.1.0/../../../../lib/libkernel32.a(libkernel32s01390.o)
                              C:/msys64/mingw64/bin/../lib/gcc/x86_64-w64-mingw32/13.1.0/../../../../lib/crt2.o (__imp_SetUnhandledExceptionFilter)
C:/msys64/mingw64/bin/../lib/gcc/x86_64-w64-mingw32/13.1.0/../../../../lib/libkernel32.a(libkernel32s01033.o)
                              C:/msys64/mingw64/bin/../lib/gcc/x86_64-w64-mingw32/13.1.0/../../../../lib/libmsvcrt.a(lib64_libmsvcrt_common_a-mbrtowc.o) (__imp_MultiByteToWideChar)
C:/msys64/mingw64/bin/../lib/gcc/x86_64-w64-mingw32/13.1.0/../../../../lib/libkernel32.a(libkernel32s00981.o)
                              C:/msys64/mingw64/bin/../lib/gcc/x86_64-w64-mingw32/13.1.0/../../../../lib/libmingw32.a(lib64_libmingw32_a-tlsthrd.o) (__imp_LeaveCriticalSection)
C:/msys64/mingw64/bin/../lib/gcc/x86_64-w64-mingw32/13.1.0/../../../../lib/libkernel32.a(libkernel32s00916.o)
                              C:/msys64/mingw64/bin/../lib/gcc/x86_64-w64-mingw32/13.1.0/../../../../lib/libmsvcrt.a(lib64_libmsvcrt_common_a-mbrtowc.o) (__imp_IsDBCSLeadByteEx)
C:/msys64/mingw64/bin/../lib/gcc/x86_64-w64-mingw32/13.1.0/../../../../lib/libkernel32.a(libkernel32s00889.o)
                              C:/msys64/mingw64/bin/../lib/gcc/x86_64-w64-mingw32/13.1.0/../../../../lib/libmingw32.a(lib64_libmingw32_a-tlsthrd.o) (__imp_InitializeCriticalSection)
C:/msys64/mingw64/bin/../lib/gcc/x86_64-w64-mingw32/13.1.0/../../../../lib/libkernel32.a(libkernel32s00627.o)
                              C:/msys64/mingw64/bin/../lib/gcc/x86_64-w64-mingw32/13.1.0/../../../../lib/libmingw32.a(lib64_libmingw32_a-pseudo-reloc.o) (__imp_GetLastError)
C:/msys64/mingw64/bin/../lib/gcc/x86_64-w64-mingw32/13.1.0/../../../../lib/libkernel32.a(libkernel32s00316.o)
                              C:/msys64/mingw64/bin/../lib/gcc/x86_64-w64-mingw32/13.1.0/../../../../lib/libmingw32.a(lib64_libmingw32_a-tlsthrd.o) (__imp_EnterCriticalSection)
C:/msys64/mingw64/bin/../lib/gcc/x86_64-w64-mingw32/13.1.0/../../../../lib/libkernel32.a(libkernel32s00280.o)
                              C:/msys64/mingw64/bin/../lib/gcc/x86_64-w64-mingw32/13.1.0/../../../../lib/libmingw32.a(lib64_libmingw32_a-tlsthrd.o) (__imp_DeleteCriticalSection)
C:/msys64/mingw64/bin/../lib/gcc/x86_64-w64-mingw32/13.1.0/../../../../lib/libkernel32.a(libkernel32h.o)
                              C:/msys64/mingw64/bin/../lib/gcc/x86_64-w64-mingw32/13.1.0/../../../../lib/libkernel32.a(libkernel32s01543.o) (_head_lib64_libkernel32_a)
C:/msys64/mingw64/bin/../lib/gcc/x86_64-w64-mingw32/13.1.0/../../../../lib/libkernel32.a(libkernel32t.o)
                              C:/msys64/mingw64/bin/../lib/gcc/x86_64-w64-mingw32/13.1.0/../../../../lib/libkernel32.a(libkernel32h.o) (__lib64_libkernel32_a_iname)
